Component: ARM Compiler 5.06 (build 20) Tool: armlink [4d35a3]

==============================================================================

Section Cross References

    startup_stm32f40xx.o(STACK) refers (Special) to heapauxi.o(.text) for __use_two_region_memory
    startup_stm32f40xx.o(HEAP) refers (Special) to heapauxi.o(.text) for __use_two_region_memory
    startup_stm32f40xx.o(RESET) refers (Special) to heapauxi.o(.text) for __use_two_region_memory
    startup_stm32f40xx.o(RESET) refers to startup_stm32f40xx.o(STACK) for __initial_sp
    startup_stm32f40xx.o(RESET) refers to startup_stm32f40xx.o(.text) for Reset_Handler
    startup_stm32f40xx.o(RESET) refers to stm32f4xx_it.o(.text) for NMI_Handler
    startup_stm32f40xx.o(.text) refers (Special) to heapauxi.o(.text) for __use_two_region_memory
    startup_stm32f40xx.o(.text) refers to system_stm32f4xx.o(.text) for SystemInit
    startup_stm32f40xx.o(.text) refers to __main.o(!!!main) for __main
    startup_stm32f40xx.o(.text) refers to startup_stm32f40xx.o(HEAP) for Heap_Mem
    startup_stm32f40xx.o(.text) refers to startup_stm32f40xx.o(STACK) for Stack_Mem
    system_stm32f4xx.o(.text) refers to system_stm32f4xx.o(.data) for SystemCoreClock
    init.o(.text) refers to led.o(.text) for GPIO_LED_Configuration
    init.o(.text) refers to bld.o(.text) for GPIO_BLD_Configruration
    init.o(.text) refers to irda.o(.text) for GPIO_IrDA_Configuration
    init.o(.text) refers to systick.o(.text) for SysTick_Configuration
    init.o(.text) refers to usart.o(.text) for USASRT_Configuration
    init.o(.text) refers to pwm.o(.text) for PWM_Configuration
    init.o(.text) refers to tim.o(.text) for SpeedExtraction_Configuration
    init.o(.text) refers to lcd.o(.text) for LCD_InitialView_Configuration
    init.o(.text) refers to nvic.o(.text) for NVIC_Configuration
    led.o(.text) refers to stm32f4xx_rcc.o(.text) for RCC_AHB1PeriphClockCmd
    led.o(.text) refers to stm32f4xx_gpio.o(.text) for GPIO_Init
    led.o(.text) refers to common.o(.text) for delay_ms
    systick.o(.text) refers to systick.o(.data) for SystTickInterval
    systick.o(.text) refers to system_stm32f4xx.o(.data) for SystemCoreClock
    usart.o(.text) refers to stm32f4xx_rcc.o(.text) for RCC_AHB1PeriphClockCmd
    usart.o(.text) refers to stm32f4xx_gpio.o(.text) for GPIO_PinAFConfig
    usart.o(.text) refers to stm32f4xx_usart.o(.text) for USART_Init
    nvic.o(.text) refers to misc.o(.text) for NVIC_PriorityGroupConfig
    speaker.o(.text) refers to usart.o(.text) for Send_SpeakerData
    speaker.o(.text) refers to common.o(.text) for delay_ms
    speaker.o(.text) refers to speaker.o(.data) for u8MusicPlayCmd
    lcd.o(.text) refers to usart.o(.text) for Send_LCDData
    lcd.o(.text) refers to stm32f4xx_gpio.o(.text) for GPIO_ReadInputDataBit
    lcd.o(.text) refers to uart_protocol.o(.text) for SetMode
    lcd.o(.text) refers to speaker.o(.text) for Music_Play_Slection
    lcd.o(.text) refers to common.o(.text) for delay_ms
    lcd.o(.text) refers to lcd.o(.data) for KeyInCount
    lcd.o(.text) refers to lcd.o(.bss) for Lcd_Receive
    lcd.o(.text) refers to pid_calculation.o(.data) for Speed_Increment
    lcd.o(.text) refers to remote_control.o(.data) for Remote_Flag
    lcd.o(.text) refers to uart_protocol.o(.bss) for u8SendBuff
    pwm.o(.text) refers to stm32f4xx_rcc.o(.text) for RCC_AHB1PeriphClockCmd
    pwm.o(.text) refers to stm32f4xx_gpio.o(.text) for GPIO_PinAFConfig
    pwm.o(.text) refers to stm32f4xx_tim.o(.text) for TIM_TimeBaseInit
    pwm.o(.text) refers to pwm.o(.data) for u16Current_TIM_Period
    bld.o(.text) refers to stm32f4xx_rcc.o(.text) for RCC_AHB1PeriphClockCmd
    bld.o(.text) refers to stm32f4xx_gpio.o(.text) for GPIO_Init
    tim.o(.text) refers to stm32f4xx_rcc.o(.text) for RCC_APB2PeriphClockCmd
    tim.o(.text) refers to stm32f4xx_gpio.o(.text) for GPIO_PinAFConfig
    tim.o(.text) refers to stm32f4xx_tim.o(.text) for TIM_DeInit
    irda.o(.text) refers to stm32f4xx_rcc.o(.text) for RCC_AHB1PeriphClockCmd
    irda.o(.text) refers to stm32f4xx_gpio.o(.text) for GPIO_Init
    irda.o(.text) refers to irda.o(.data) for u8Obstacle
    stm32f4xx_it.o(.text) refers to common.o(.text) for TimingDelay_Decrement
    stm32f4xx_it.o(.text) refers to sensor_acquisition.o(.text) for Sensor_Acquisition
    stm32f4xx_it.o(.text) refers to filtering_algorithm.o(.text) for Filtering_Algorithm
    stm32f4xx_it.o(.text) refers to pid_calculation.o(.text) for PID_Calculation
    stm32f4xx_it.o(.text) refers to pwm_output.o(.text) for PWM_Output
    stm32f4xx_it.o(.text) refers to lcd.o(.text) for LcdReceiveJudge
    stm32f4xx_it.o(.text) refers to irda.o(.text) for Obstacle_Check
    stm32f4xx_it.o(.text) refers to stm32f4xx_usart.o(.text) for USART_GetITStatus
    stm32f4xx_it.o(.text) refers to remote_control.o(.text) for Remote_Recognition
    stm32f4xx_it.o(.text) refers to pid_calculation.o(.data) for PID_RightMotor
[...]
    .text                                    0x08000268   Section       64  startup_stm32f40xx.o(.text)
    $v0                                      0x08000268   Number         0  startup_stm32f40xx.o(.text)
    .text                                    0x080002a8   Section        0  system_stm32f4xx.o(.text)
    SetSysClock                              0x080002a9   Thumb Code   220  system_stm32f4xx.o(.text)
    .text                                    0x080004b8   Section        0  init.o(.text)
    .text                                    0x080004e8   Section        0  led.o(.text)
    .text                                    0x08000584   Section        0  systick.o(.text)
    .text                                    0x08000600   Section        0  usart.o(.text)
    .text                                    0x080009fc   Section        0  nvic.o(.text)
    .text                                    0x08000adc   Section        0  speaker.o(.text)
    .text                                    0x08000bf4   Section        0  lcd.o(.text)
    .text                                    0x080023c8   Section        0  pwm.o(.text)
    .text                                    0x080024ec   Section        0  bld.o(.text)
    .text                                    0x0800266c   Section        0  tim.o(.text)
    .text                                    0x080028b4   Section        0  irda.o(.text)
    .text                                    0x080029d4   Section        0  stm32f4xx_it.o(.text)
    .text                                    0x08002da8   Section        0  main.o(.text)
    .text                                    0x08002dcc   Section        0  common.o(.text)
    .text                                    0x08002e28   Section        0  filtering_algorithm.o(.text)
    .text                                    0x08002f8c   Section        0  sensor_acquisition.o(.text)
    .text                                    0x080030a8   Section        0  magneticnavigation.o(.text)
    .text                                    0x08003208   Section        0  pid_calculation.o(.text)
    .text                                    0x08003720   Section        0  pwm_output.o(.text)
    .text                                    0x080037fc   Section        0  station_handler.o(.text)
    .text                                    0x08003d48   Section        0  remote_control.o(.text)
    .text                                    0x080041b8   Section        0  voicehandler.o(.text)
    .text                                    0x08004490   Section        0  dance.o(.text)
    .text                                    0x08004678   Section        0  uart_protocol.o(.text)
    .text                                    0x080046c4   Section        0  miscio.o(.text)
    .text                                    0x08004708   Section        0  test.o(.text)
    .text                                    0x0800498c   Section        0  misc.o(.text)
    .text                                    0x08004a70   Section        0  stm32f4xx_gpio.o(.text)
    .text                                    0x08004ccc   Section        0  stm32f4xx_rcc.o(.text)
    .text                                    0x080051dc   Section        0  stm32f4xx_tim.o(.text)
    TI4_Config                               0x0800597b   Thumb Code    80  stm32f4xx_tim.o(.text)
    TI3_Config                               0x080059dd   Thumb Code    72  stm32f4xx_tim.o(.text)
    TI2_Config                               0x08005a3f   Thumb Code    90  stm32f4xx_tim.o(.text)
    TI1_Config                               0x08005aab   Thumb Code    58  stm32f4xx_tim.o(.text)
    .text                                    0x08005e80   Section        0  stm32f4xx_usart.o(.text)
    .text                                    0x080062d4   Section        0  heapauxi.o(.text)
    .text                                    0x080062da   Section       74  sys_stackheap_outer.o(.text)
    .text                                    0x08006324   Section        0  exit.o(.text)
    .text                                    0x08006338   Section        8  libspace.o(.text)
    .text                                    0x08006340   Section        0  sys_exit.o(.text)
    .text                                    0x0800634c   Section        2  use_no_semi.o(.text)
    .text                                    0x0800634e   Section        0  indicate_semi.o(.text)
    x$fpl$d2f                                0x08006350   Section       98  d2f.o(x$fpl$d2f)
    $v0                                      0x08006350   Number         0  d2f.o(x$fpl$d2f)
    x$fpl$ddiv                               0x080063b4   Section      688  ddiv.o(x$fpl$ddiv)
    $v0                                      0x080063b4   Number         0  ddiv.o(x$fpl$ddiv)
    ddiv_entry                               0x080063bb   Thumb Code     0  ddiv.o(x$fpl$ddiv)
    x$fpl$dflt                               0x08006664   Section       46  dflt_clz.o(x$fpl$dflt)
    $v0                                      0x08006664   Number         0  dflt_clz.o(x$fpl$dflt)
    x$fpl$dnaninf                            0x08006692   Section      156  dnaninf.o(x$fpl$dnaninf)
    $v0                                      0x08006692   Number         0  dnaninf.o(x$fpl$dnaninf)
    x$fpl$dretinf                            0x0800672e   Section       12  dretinf.o(x$fpl$dretinf)
    $v0                                      0x0800672e   Number         0  dretinf.o(x$fpl$dretinf)
    x$fpl$fpinit                             0x0800673a   Section       10  fpinit.o(x$fpl$fpinit)
    $v0                                      0x0800673a   Number         0  fpinit.o(x$fpl$fpinit)
    x$fpl$fretinf                            0x08006744   Section       10  fretinf.o(x$fpl$fretinf)
    $v0                                      0x08006744   Number         0  fretinf.o(x$fpl$fretinf)
    x$fpl$usenofp                            0x0800674e   Section        0  usenofp.o(x$fpl$usenofp)
    .data                                    0x20000000   Section       20  system_stm32f4xx.o(.data)
    .data                                    0x20000014   Section        4  systick.o(.data)
    .data                                    0x20000018   Section       24  speaker.o(.data)
    .data                                    0x20000030   Section       30  lcd.o(.data)
    .data                                    0x2000004e   Section        2  pwm.o(.data)
    .data                                    0x20000050   Section        1  irda.o(.data)
    .data                                    0x20000052   Section       12  stm32f4xx_it.o(.data)
    ui                                       0x20000056   Data           2  stm32f4xx_it.o(.data)
    StReceive                                0x20000058   Data           2  stm32f4xx_it.o(.data)
    ui                                       0x2000005a   Data           2  stm32f4xx_it.o(.data)
    StReceive                                0x2000005c   Data           2  stm32f4xx_it.o(.data)
    .data                                    0x20000060   Section        4  common.o(.data)
    uwTimingDelay                            0x20000060   Data           4  common.o(.data)
    .data                                    0x20000064   Section       17  filtering_algorithm.o(.data)
    Direction_Count                          0x20000074   Data           1  filtering_algorithm.o(.data)
    .data                                    0x20000078   Section       24  sensor_acquisition.o(.data)
    .data                                    0x20000090   Section       22  magneticnavigation.o(.data)
    .data                                    0x200000a8   Section       56  pid_calculation.o(.data)
    .data                                    0x200000e0   Section       29  station_handler.o(.data)
    .data                                    0x200000fe   Section       12  rfid.o(.data)
    .data                                    0x2000010c   Section       36  remote_control.o(.data)
    .data                                    0x20000130   Section       30  voicehandler.o(.data)
    .data                                    0x20000150   Section       16  dance.o(.data)
    .data                                    0x20000160   Section       39  test.o(.data)
    .data                                    0x20000187   Section       16  stm32f4xx_rcc.o(.data)
    APBAHBPrescTable                         0x20000187   Data          16  stm32f4xx_rcc.o(.data)
    .bss                                     0x20000198   Section      276  lcd.o(.bss)
    .bss                                     0x200002ac   Section      480  filtering_algorithm.o(.bss)
    .bss                                     0x2000048c   Section      128  magneticnavigation.o(.bss)
    .bss                                     0x2000050c   Section       32  rfid.o(.bss)
    .bss                                     0x2000052c   Section       60  remote_control.o(.bss)
    .bss                                     0x20000568   Section        9  uart_protocol.o(.bss)
    .bss                                     0x20000574   Section       16  test.o(.bss)
    .bss                                     0x20000584   Section       96  libspace.o(.bss)
    HEAP                                     0x200005e8   Section      512  startup_stm32f40xx.o(HEAP)
    Heap_Mem                                 0x200005e8   Data         512  startup_stm32f40xx.o(HEAP)
    STACK                                    0x200007e8   Section     1024  startup_stm32f40xx.o(STACK)
    Stack_Mem                                0x200007e8   Data        1024  startup_stm32f40xx.o(STACK)
    __initial_sp                             0x20000be8   Data           0  startup_stm32f40xx.o(STACK)

    Global Symbols

    Symbol Name                              Value     Ov Type        Size  Object(Section)

    BuildAttributes$$THM_ISAv4$E$P$D$K$B$S$7EM$VFPi3$EXTD16$VFPS$VFMA$PE$A:L22UL41UL21$X:L11$S22US41US21$IEEE1$IW$USESV6$~STKCKD$USESV7$~SHL$OSPACE$ROPI$EBA8$UX$STANDARDLIB$REQ8$PRES8$EABIv2 0x00000000   Number         0  anon$$obj.o ABSOLUTE
    __ARM_use_no_argv                        0x00000000   Number         0  main.o ABSOLUTE
    __ARM_exceptions_init                     - Undefined Weak Reference
    __alloca_initialize                       - Undefined Weak Reference
    __arm_preinit_                            - Undefined Weak Reference
    __cpp_initialize__aeabi_                  - Undefined Weak Reference
    __cxa_finalize                            - Undefined Weak Reference
    __rt_locale                               - Undefined Weak Reference
    __sigvec_lookup                           - Undefined Weak Reference
    _atexit_init                              - Undefined Weak Reference
    _call_atexit_fns                          - Undefined Weak Reference
    _clock_init                               - Undefined Weak Reference
    _fp_trap_init                             - Undefined Weak Reference
    _fp_trap_shutdown                         - Undefined Weak Reference
    _get_lc_collate                           - Undefined Weak Reference
    _get_lc_ctype                             - Undefined Weak Reference
    _get_lc_monetary                          - Undefined Weak Reference
    _get_lc_numeric                           - Undefined Weak Reference
    _get_lc_time                              - Undefined Weak Reference
    _getenv_init                              - Undefined Weak Reference
    _handle_redirection                       - Undefined Weak Reference
    _init_alloc                               - Undefined Weak Reference
    _init_user_alloc                          - Undefined Weak Reference
    _initio                                   - Undefined Weak Reference
    _rand_init                                - Undefined Weak Reference
    _signal_finish                            - Undefined Weak Reference
    _signal_init                              - Undefined Weak Reference
    _terminate_alloc                          - Undefined Weak Reference
    _terminate_user_alloc                     - Undefined Weak Reference
    _terminateio                              - Undefined Weak Reference
    __Vectors_Size                           0x00000188   Number         0  startup_stm32f40xx.o ABSOLUTE
    __Vectors                                0x08000000   Data           4  startup_stm32f40xx.o(RESET)
    __Vectors_End                            0x08000188   Data           0  startup_stm32f40xx.o(RESET)
    __main                                   0x08000189   Thumb Code     8  __main.o(!!!main)
    __scatterload                            0x08000191   Thumb Code     0  __scatter.o(!!!scatter)
    __scatterload_rt2                        0x08000191   Thumb Code    44  __scatter.o(!!!scatter)
    __scatterload_rt2_thumb_only             0x08000191   Thumb Code     0  __scatter.o(!!!scatter)
    __scatterload_null                       0x0800019f   Thumb Code     0  __scatter.o(!!!scatter)
    __decompress                             0x080001c5   Thumb Code    90  __dczerorl2.o(!!dczerorl2)
    __decompress1                            0x080001c5   Thumb Code     0  __dczerorl2.o(!!dczerorl2)
    __scatterload_zeroinit                   0x08000221   Thumb Code    28  __scatter_zi.o(!!handler_zi)
    __rt_lib_init                            0x0800023d   Thumb Code     0  libinit.o(.ARM.Collect$$libinit$$00000000)
    __rt_lib_init_fp_1                       0x0800023f   Thumb Code     0  libinit2.o(.ARM.Collect$$libinit$$00000001)
    __rt_lib_init_alloca_1                   0x08000243   Thumb Code     0  libinit2.o(.ARM.Collect$$libinit$$0000002E)
    __rt_lib_init_argv_1                     0x08000243   Thumb Code     0  libinit2.o(.ARM.Collect$$libinit$$0000002C)
    __rt_lib_init_atexit_1                   0x08000243   Thumb Code     0  libinit2.o(.ARM.Collect$$libinit$$0000001B)
    __rt_lib_init_clock_1                    0x08000243   Thumb Code     0  libinit2.o(.ARM.Collect$$libinit$$00000021)
    __rt_lib_init_cpp_1                      0x08000243   Thumb Code     0  libinit2.o(.ARM.Collect$$libinit$$00000032)
    __rt_lib_init_exceptions_1               0x08000243   Thumb Code     0  libinit2.o(.ARM.Collect$$libinit$$00000030)
    __rt_lib_init_fp_trap_1                  0x08000243   Thumb Code     0  libinit2.o(.ARM.Collect$$libinit$$0000001F)
    __rt_lib_init_getenv_1                   0x08000243   Thumb Code     0  libinit2.o(.ARM.Collect$$libinit$$00000023)
    __rt_lib_init_heap_1                     0x08000243   Thumb Code     0  libinit2.o(.ARM.Collect$$libinit$$0000000A)
    __rt_lib_init_lc_collate_1               0x08000243   Thumb Code     0  libinit2.o(.ARM.Collect$$libinit$$00000011)
    __rt_lib_init_lc_ctype_1                 0x08000243   Thumb Code     0  libinit2.o(.ARM.Collect$$libinit$$00000013)
    __rt_lib_init_lc_monetary_1              0x08000243   Thumb Code     0  libinit2.o(.ARM.Collect$$libinit$$00000015)
    __rt_lib_init_lc_numeric_1               0x08000243   Thumb Code     0  libinit2.o(.ARM.Collect$$libinit$$00000017)
    __rt_lib_init_lc_time_1                  0x08000243   Thumb Code     0  libinit2.o(.ARM.Collect$$libinit$$00000019)
    __rt_lib_init_preinit_1                  0x08000243   Thumb Code     0  libinit2.o(.ARM.Collect$$libinit$$00000004)
    __rt_lib_init_rand_1                     0x08000243   Thumb Code     0  libinit2.o(.ARM.Collect$$libinit$$0000000E)
    __rt_lib_init_return                     0x08000243   Thumb Code     0  libinit2.o(.ARM.Collect$$libinit$$00000033)
    __rt_lib_init_signal_1                   0x08000243   Thumb Code     0  libinit2.o(.ARM.Collect$$libinit$$0000001D)
    __rt_lib_init_stdio_1                    0x08000243   Thumb Code     0  libinit2.o(.ARM.Collect$$libinit$$00000025)
    __rt_lib_init_user_alloc_1               0x08000243   Thumb Code     0  libinit2.o(.ARM.Collect$$libinit$$0000000C)
    __rt_lib_shutdown                        0x08000245   Thumb Code     0  libshutdown.o(.ARM.Collect$$libshutdown$$00000000)
    __rt_lib_shutdown_cpp_1                  0x08000247   Thumb Code     0  libshutdown2.o(.ARM.Collect$$libshutdown$$00000002)
    __rt_lib_shutdown_fp_trap_1              0x08000247   Thumb Code     0  libshutdown2.o(.ARM.Collect$$libshutdown$$00000007)
    __rt_lib_shutdown_heap_1                 0x08000247   Thumb Code     0  libshutdown2.o(.ARM.Collect$$libshutdown$$0000000F)
    __rt_lib_shutdown_return                 0x08000247   Thumb Code     0  libshutdown2.o(.ARM.Collect$$libshutdown$$00000010)
    __rt_lib_shutdown_signal_1               0x08000247   Thumb Code     0  libshutdown2.o(.ARM.Collect$$libshutdown$$0000000A)
    __rt_lib_shutdown_stdio_1                0x08000247   Thumb Code     0  libshutdown2.o(.ARM.Collect$$libshutdown$$00000004)
    __rt_lib_shutdown_user_alloc_1           0x08000247   Thumb Code     0  libshutdown2.o(.ARM.Collect$$libshutdown$$0000000C)
    __rt_entry                               0x08000249   Thumb Code     0  __rtentry.o(.ARM.Collect$$rtentry$$00000000)
    __rt_entry_presh_1                       0x08000249   Thumb Code     0  __rtentry2.o(.ARM.Collect$$rtentry$$00000002)
    __rt_entry_sh                            0x08000249   Thumb Code     0  __rtentry4.o(.ARM.Collect$$rtentry$$00000004)
    __rt_entry_li                            0x0800024f   Thumb Code     0  __rtentry2.o(.ARM.Collect$$rtentry$$0000000A)
    __rt_entry_postsh_1                      0x0800024f   Thumb Code     0  __rtentry2.o(.ARM.Collect$$rtentry$$00000009)
    __rt_entry_main                          0x08000253   Thumb Code     0  __rtentry2.o(.ARM.Collect$$rtentry$$0000000D)
    __rt_entry_postli_1                      0x08000253   Thumb Code     0  __rtentry2.o(.ARM.Collect$$rtentry$$0000000C)
    __rt_exit                                0x0800025b   Thumb Code     0  rtexit.o(.ARM.Collect$$rtexit$$00000000)
    __rt_exit_ls                             0x0800025d   Thumb Code     0  rtexit2.o(.ARM.Collect$$rtexit$$00000003)
    __rt_exit_prels_1                        0x0800025d   Thumb Code     0  rtexit2.o(.ARM.Collect$$rtexit$$00000002)
    __rt_exit_exit                           0x08000261   Thumb Code     0  rtexit2.o(.ARM.Collect$$rtexit$$00000004)
    Reset_Handler                            0x08000269   Thumb Code     8  startup_stm32f40xx.o(.text)
    ADC_IRQHandler                           0x08000283   Thumb Code     0  startup_stm32f40xx.o(.text)
    CAN1_RX0_IRQHandler                      0x08000283   Thumb Code     0  startup_stm32f40xx.o(.text)
    CAN1_RX1_IRQHandler                      0x08000283   Thumb Code     0  startup_stm32f40xx.o(.text)
    CAN1_SCE_IRQHandler                      0x08000283   Thumb Code     0  startup_stm32f40xx.o(.text)
    CAN1_TX_IRQHandler                       0x08000283   Thumb Code     0  startup_stm32f40xx.o(.text)
    CAN2_RX0_IRQHandler                      0x08000283   Thumb Code     0  startup_stm32f40xx.o(.text)
    CAN2_RX1_IRQHandler                      0x08000283   Thumb Code     0  startup_stm32f40xx.o(.text)
    CAN2_SCE_IRQHandler                      0x08000283   Thumb Code     0  startup_stm32f40xx.o(.text)
    CAN2_TX_IRQHandler                       0x08000283   Thumb Code     0  startup_stm32f40xx.o(.text)
    CRYP_IRQHandler                          0x08000283   Thumb Code     0  startup_stm32f40xx.o(.text)
    DCMI_IRQHandler                          0x08000283   Thumb Code     0  startup_stm32f40xx.o(.text)
    DMA1_Stream0_IRQHandler                  0x08000283   Thumb Code     0  startup_stm32f40xx.o(.text)
    DMA1_Stream1_IRQHandler                  0x08000283   Thumb Code     0  startup_stm32f40xx.o(.text)
    DMA1_Stream2_IRQHandler                  0x08000283   Thumb Code     0  startup_stm32f40xx.o(.text)
    DMA1_Stream3_IRQHandler                  0x08000283   Thumb Code     0  startup_stm32f40xx.o(.text)
    DMA1_Stream4_IRQHandler                  0x08000283   Thumb Code     0  startup_stm32f40xx.o(.text)
    DMA1_Stream5_IRQHandler                  0x08000283   Thumb Code     0  startup_stm32f40xx.o(.text)
    DMA1_Stream6_IRQHandler                  0x08000283   Thumb Code     0  startup_stm32f40xx.o(.text)
    DMA1_Stream7_IRQHandler                  0x08000283   Thumb Code     0  startup_stm32f40xx.o(.text)
    DMA2_Stream0_IRQHandler                  0x08000283   Thumb Code     0  startup_stm32f40xx.o(.text)
    DMA2_Stream1_IRQHandler                  0x08000283   Thumb Code     0  startup_stm32f40xx.o(.text)
    DMA2_Stream2_IRQHandler                  0x08000283   Thumb Code     0  startup_stm32f40xx.o(.text)
    DMA2_Stream3_IRQHandler                  0x08000283   Thumb Code     0  startup_stm32f40xx.o(.text)
    DMA2_Stream4_IRQHandler                  0x08000283   Thumb Code     0  startup_stm32f40xx.o(.text)
    DMA2_Stream5_IRQHandler                  0x08000283   Thumb Code     0  startup_stm32f40xx.o(.text)
    DMA2_Stream6_IRQHandler                  0x08000283   Thumb Code     0  startup_stm32f40xx.o(.text)
    DMA2_Stream7_IRQHandler                  0x08000283   Thumb Code     0  startup_stm32f40xx.o(.text)
    ETH_IRQHandler                           0x08000283   Thumb Code     0  startup_stm32f40xx.o(.text)
    ETH_WKUP_IRQHandler                      0x08000283   Thumb Code     0  startup_stm32f40xx.o(.text)
    EXTI0_IRQHandler                         0x08000283   Thumb Code     0  startup_stm32f40xx.o(.text)
    EXTI15_10_IRQHandler                     0x08000283   Thumb Code     0  startup_stm32f40xx.o(.text)
    EXTI1_IRQHandler                         0x08000283   Thumb Code     0  startup_stm32f40xx.o(.text)
    EXTI2_IRQHandler                         0x08000283   Thumb Code     0  startup_stm32f40xx.o(.text)
    EXTI3_IRQHandler                         0x08000283   Thumb Code     0  startup_stm32f40xx.o(.text)
    EXTI4_IRQHandler                         0x08000283   Thumb Code     0  startup_stm32f40xx.o(.text)
    EXTI9_5_IRQHandler                       0x08000283   Thumb Code     0  startup_stm32f40xx.o(.text)
    FLASH_IRQHandler                         0x08000283   Thumb Code     0  startup_stm32f40xx.o(.text)
    FPU_IRQHandler                           0x08000283   Thumb Code     0  startup_stm32f40xx.o(.text)
    FSMC_IRQHandler                          0x08000283   Thumb Code     0  startup_stm32f40xx.o(.text)
    HASH_RNG_IRQHandler                      0x08000283   Thumb Code     0  startup_stm32f40xx.o(.text)
    I2C1_ER_IRQHandler                       0x08000283   Thumb Code     0  startup_stm32f40xx.o(.text)
    I2C1_EV_IRQHandler                       0x08000283   Thumb Code     0  startup_stm32f40xx.o(.text)
    I2C2_ER_IRQHandler                       0x08000283   Thumb Code     0  startup_stm32f40xx.o(.text)
    I2C2_EV_IRQHandler                       0x08000283   Thumb Code     0  startup_stm32f40xx.o(.text)
    I2C3_ER_IRQHandler                       0x08000283   Thumb Code     0  startup_stm32f40xx.o(.text)
    I2C3_EV_IRQHandler                       0x08000283   Thumb Code     0  startup_stm32f40xx.o(.text)
    OTG_FS_IRQHandler                        0x08000283   Thumb Code     0  startup_stm32f40xx.o(.text)
    OTG_FS_WKUP_IRQHandler                   0x08000283   Thumb Code     0  startup_stm32f40xx.o(.text)
    OTG_HS_EP1_IN_IRQHandler                 0x08000283   Thumb Code     0  startup_stm32f40xx.o(.text)
    OTG_HS_EP1_OUT_IRQHandler                0x08000283   Thumb Code     0  startup_stm32f40xx.o(.text)
    OTG_HS_IRQHandler                        0x08000283   Thumb Code     0  startup_stm32f40xx.o(.text)
    OTG_HS_WKUP_IRQHandler                   0x08000283   Thumb Code     0  startup_stm32f40xx.o(.text)
    PVD_IRQHandler                           0x08000283   Thumb Code     0  startup_stm32f40xx.o(.text)
    RCC_IRQHandler                           0x08000283   Thumb Code     0  startup_stm32f40xx.o(.text)
    RTC_Alarm_IRQHandler                     0x08000283   Thumb Code     0  startup_stm32f40xx.o(.text)
    RTC_WKUP_IRQHandler                      0x08000283   Thumb Code     0  startup_stm32f40xx.o(.text)
    SDIO_IRQHandler                          0x08000283   Thumb Code     0  startup_stm32f40xx.o(.text)
    SPI1_IRQHandler                          0x08000283   Thumb Code     0  startup_stm32f40xx.o(.text)
    SPI2_IRQHandler                          0x08000283   Thumb Code     0  startup_stm32f40xx.o(.text)
    SPI3_IRQHandler                          0x08000283   Thumb Code     0  startup_stm32f40xx.o(.text)
    TAMP_STAMP_IRQHandler                    0x08000283   Thumb Code     0  startup_stm32f40xx.o(.text)
    TIM1_BRK_TIM9_IRQHandler                 0x08000283   Thumb Code     0  startup_stm32f40xx.o(.text)
    TIM1_CC_IRQHandler                       0x08000283   Thumb Code     0  startup_stm32f40xx.o(.text)
    TIM1_TRG_COM_TIM11_IRQHandler            0x08000283   Thumb Code     0  startup_stm32f40xx.o(.text)
    TIM1_UP_TIM10_IRQHandler                 0x08000283   Thumb Code     0  startup_stm32f40xx.o(.text)
    TIM2_IRQHandler                          0x08000283   Thumb Code     0  startup_stm32f40xx.o(.text)
    TIM3_IRQHandler                          0x08000283   Thumb Code     0  startup_stm32f40xx.o(.text)
    TIM4_IRQHandler                          0x08000283   Thumb Code     0  startup_stm32f40xx.o(.text)
    TIM5_IRQHandler                          0x08000283   Thumb Code     0  startup_stm32f40xx.o(.text)
    TIM6_DAC_IRQHandler                      0x08000283   Thumb Code     0  startup_stm32f40xx.o(.text)
    TIM7_IRQHandler                          0x08000283   Thumb Code     0  startup_stm32f40xx.o(.text)
    TIM8_BRK_TIM12_IRQHandler                0x08000283   Thumb Code     0  startup_stm32f40xx.o(.text)
    TIM8_CC_IRQHandler                       0x08000283   Thumb Code     0  startup_stm32f40xx.o(.text)
    TIM8_TRG_COM_TIM14_IRQHandler            0x08000283   Thumb Code     0  startup_stm32f40xx.o(.text)
    TIM8_UP_TIM13_IRQHandler                 0x08000283   Thumb Code     0  startup_stm32f40xx.o(.text)
    WWDG_IRQHandler                          0x08000283   Thumb Code     0  startup_stm32f40xx.o(.text)
    __user_initial_stackheap                 0x08000285   Thumb Code     0  startup_stm32f40xx.o(.text)
    SystemInit                               0x08000385   Thumb Code    88  system_stm32f4xx.o(.text)
    SystemCoreClockUpdate                    0x080003dd   Thumb Code   174  system_stm32f4xx.o(.text)
    BSP_Init                                 0x080004b9   Thumb Code    46  init.o(.text)
    GPIO_LED_Configuration                   0x080004e9   Thumb Code   104  led.o(.text)
    Sys_LED                                  0x08000551   Thumb Code    14  led.o(.text)
    LED_Toggle                               0x0800055f   Thumb Code    30  led.o(.text)
    SysTick_Configuration                    0x08000585   Thumb Code   102  systick.o(.text)
    USASRT_Configuration                     0x08000601   Thumb Code   828  usart.o(.text)
    Send_ReadMagNaviData                     0x0800093d   Thumb Code    40  usart.o(.text)
    Send_SpeakerData                         0x08000965   Thumb Code    40  usart.o(.text)
    Send_LCDData                             0x0800098d   Thumb Code    26  usart.o(.text)
    Send_Data                                0x080009a7   Thumb Code    44  usart.o(.text)
    NVIC_Configuration                       0x080009fd   Thumb Code   224  nvic.o(.text)
    Music_Play_Slection                      0x08000add   Thumb Code    68  speaker.o(.text)
    Music_PlayDone_Check                     0x08000b21   Thumb Code    40  speaker.o(.text)
    Music_Play_Set                           0x08000b49   Thumb Code   150  speaker.o(.text)
    xrd_start                                0x08000bf5   Thumb Code    10  lcd.o(.text)
    xrd_end                                  0x08000bff   Thumb Code    28  lcd.o(.text)
    xrd_picture                              0x08000c1b   Thumb Code    26  lcd.o(.text)
    xrd_juxingkuang                          0x08000c35   Thumb Code   166  lcd.o(.text)
    xrd_FrontFill                            0x08000cdb   Thumb Code   166  lcd.o(.text)
    xrd_LcdClear                             0x08000d81   Thumb Code    18  lcd.o(.text)
    xrd_SetColor                             0x08000d93   Thumb Code    90  lcd.o(.text)
    xrd_GetBColor                            0x08000ded   Thumb Code    90  lcd.o(.text)
    xrd_SetBuzzer                            0x08000e47   Thumb Code    26  lcd.o(.text)
    xrd_SetBacLed                            0x08000e61   Thumb Code    26  lcd.o(.text)
    xrd_SetClock                             0x08000e7b   Thumb Code   152  lcd.o(.text)
    xrd_SetHms                               0x08000f13   Thumb Code   226  lcd.o(.text)
    xrd_32srting                             0x08000ff5   Thumb Code    64  lcd.o(.text)
    xrd_cnt1string                           0x08001035   Thumb Code    50  lcd.o(.text)
    xrd_cnt2string                           0x08001067   Thumb Code    64  lcd.o(.text)
    xrd_cnt3string                           0x080010a7   Thumb Code    88  lcd.o(.text)
    xrd_SetBColor                            0x080010ff   Thumb Code   166  lcd.o(.text)
    SetColor                                 0x080011a5   Thumb Code    64  lcd.o(.text)
    LCD_UpCarState                           0x080011e5   Thumb Code   264  lcd.o(.text)
    LCD_RunState                             0x080012ed   Thumb Code   214  lcd.o(.text)
    LCD_FreeState                            0x080013c3   Thumb Code   228  lcd.o(.text)
    LCD_FztOK                                0x080014a7   Thumb Code   214  lcd.o(.text)
    LCD_FztNG                                0x0800157d   Thumb Code   214  lcd.o(.text)
    LCD_ZawOK                                0x08001653   Thumb Code   214  lcd.o(.text)
    LCD_ZawNG                                0x08001729   Thumb Code   214  lcd.o(.text)
    LCD_WifiOK                               0x080017ff   Thumb Code   214  lcd.o(.text)
    LCD_WifiNG                               0x080018d5   Thumb Code   214  lcd.o(.text)
    LCD_CdhOK                                0x080019ab   Thumb Code   214  lcd.o(.text)
    LCD_CdhNG                                0x08001a81   Thumb Code   214  lcd.o(.text)
    LCD_MusicNG                              0x08001b57   Thumb Code   124  lcd.o(.text)
    LCD_MusicOK                              0x08001bd3   Thumb Code   124  lcd.o(.text)
    LCD_ZawONNG                              0x08001c4f   Thumb Code   124  lcd.o(.text)
    LCD_ZawONOK                              0x08001ccb   Thumb Code   124  lcd.o(.text)
    LCD_InitView                             0x08001d47   Thumb Code     2  lcd.o(.text)
    LCD_MoveStation                          0x08001d49   Thumb Code   268  lcd.o(.text)
    LCD_Cell                                 0x08001e55   Thumb Code    86  lcd.o(.text)
    LCD_PowerOnAndCharge                     0x08001eab   Thumb Code    46  lcd.o(.text)
    LCD_ChargeOver                           0x08001ed9   Thumb Code    46  lcd.o(.text)
    LCD_Initial                              0x08001f07   Thumb Code    60  lcd.o(.text)
    KeyDeal                                  0x08001f43   Thumb Code   314  lcd.o(.text)
    LcdReceiveJudge                          0x0800207d   Thumb Code   430  lcd.o(.text)
    LCD_InitialView_Configuration            0x0800222b   Thumb Code   414  lcd.o(.text)
    PWM_Configuration                        0x080023c9   Thumb Code   232  pwm.o(.text)
    Motor_PWM_Duty_Set                       0x080024b1   Thumb Code    52  pwm.o(.text)
    GPIO_BLD_Configruration                  0x080024ed   Thumb Code   230  bld.o(.text)
    BLD_Ctrl_L                               0x080025d3   Thumb Code    74  bld.o(.text)
    BLD_Ctrl_R                               0x0800261d   Thumb Code    74  bld.o(.text)
    SpeedExtraction_Configuration            0x0800266d   Thumb Code   558  tim.o(.text)
    GPIO_IrDA_Configuration                  0x080028b5   Thumb Code   102  irda.o(.text)
    Obstacle_Check                           0x0800291b   Thumb Code    72  irda.o(.text)
    IrDA1_Check                              0x08002963   Thumb Code    18  irda.o(.text)
    IrDA2_Check                              0x08002975   Thumb Code    18  irda.o(.text)
    IrDA3_Check                              0x08002987   Thumb Code    16  irda.o(.text)
    IrDA4_Check                              0x08002997   Thumb Code    16  irda.o(.text)
    TableWare1_Check                         0x080029a7   Thumb Code    16  irda.o(.text)
    TableWare2_Check                         0x080029b7   Thumb Code    16  irda.o(.text)
    NMI_Handler                              0x080029d5   Thumb Code     2  stm32f4xx_it.o(.text)
    HardFault_Handler                        0x080029d7   Thumb Code     4  stm32f4xx_it.o(.text)
    MemManage_Handler                        0x080029db   Thumb Code     4  stm32f4xx_it.o(.text)
    BusFault_Handler                         0x080029df   Thumb Code     4  stm32f4xx_it.o(.text)
    UsageFault_Handler                       0x080029e3   Thumb Code     4  stm32f4xx_it.o(.text)
    SVC_Handler                              0x080029e7   Thumb Code     2  stm32f4xx_it.o(.text)
    DebugMon_Handler                         0x080029e9   Thumb Code     2  stm32f4xx_it.o(.text)
    PendSV_Handler                           0x080029eb   Thumb Code     2  stm32f4xx_it.o(.text)
    SysTick_Handler                          0x080029ed   Thumb Code    74  stm32f4xx_it.o(.text)
    USART1_IRQHandler                        0x08002a37   Thumb Code   124  stm32f4xx_it.o(.text)
    USART2_IRQHandler                        0x08002ab3   Thumb Code   124  stm32f4xx_it.o(.text)
    USART3_IRQHandler                        0x08002b2f   Thumb Code   252  stm32f4xx_it.o(.text)
    UART4_IRQHandler                         0x08002c2b   Thumb Code    80  stm32f4xx_it.o(.text)
    UART5_IRQHandler                         0x08002c7b   Thumb Code    72  stm32f4xx_it.o(.text)
    USART6_IRQHandler                        0x08002cc3   Thumb Code   114  stm32f4xx_it.o(.text)
    main                                     0x08002da9   Thumb Code    36  main.o(.text)
    TimingDelay_Decrement                    0x08002dcd   Thumb Code    18  common.o(.text)
    delay                                    0x08002ddf   Thumb Code    10  common.o(.text)
    delay_ms                                 0x08002de9   Thumb Code    34  common.o(.text)
    delay_interval                           0x08002e0b   Thumb Code    20  common.o(.text)
    Speed_Filter                             0x08002e29   Thumb Code   188  filtering_algorithm.o(.text)
    Direction_Filter                         0x08002ee5   Thumb Code    98  filtering_algorithm.o(.text)
    Filtering_Algorithm                      0x08002f47   Thumb Code    12  filtering_algorithm.o(.text)
    Speed_Acquisition                        0x08002f8d   Thumb Code    94  sensor_acquisition.o(.text)
    Rotation_judgement                       0x08002feb   Thumb Code    86  sensor_acquisition.o(.text)
    Sensor_Acquisition                       0x08003041   Thumb Code    56  sensor_acquisition.o(.text)
    CRC16                                    0x080030a9   Thumb Code    58  magneticnavigation.o(.text)
    GetmMagNaviData                          0x080030e3   Thumb Code   240  magneticnavigation.o(.text)
    PID_RemoteControl                        0x08003209   Thumb Code   226  pid_calculation.o(.text)
    PID_SpeedCL                              0x080032eb   Thumb Code   644  pid_calculation.o(.text)
    PID_PositionCL                           0x0800356f   Thumb Code     2  pid_calculation.o(.text)
    PID_DirectionCL                          0x08003571   Thumb Code   252  pid_calculation.o(.text)
    PID_Calculation                          0x0800366d   Thumb Code   144  pid_calculation.o(.text)
    PWM_Output                               0x08003721   Thumb Code   216  pwm_output.o(.text)
    TurnBack_Deceleration                    0x080037fd   Thumb Code    94  station_handler.o(.text)
    TurnBack_Movement                        0x0800385b   Thumb Code   210  station_handler.o(.text)
    LeftTurning_Deceleration                 0x0800392d   Thumb Code    90  station_handler.o(.text)
    LeftTurning_Movement                     0x08003987   Thumb Code   366  station_handler.o(.text)
    RightTurning_Deceleration                0x08003af5   Thumb Code    90  station_handler.o(.text)
    RightTurning_Movement                    0x08003b4f   Thumb Code   462  station_handler.o(.text)
    Remote_Recognition                       0x08003d49   Thumb Code   490  remote_control.o(.text)
    Remote_Control                           0x08003f33   Thumb Code   632  remote_control.o(.text)
    VoiceHandler                             0x080041b9   Thumb Code   636  voicehandler.o(.text)
    DStop                                    0x08004491   Thumb Code    32  dance.o(.text)
    DForward                                 0x080044b1   Thumb Code    58  dance.o(.text)
    DBackward                                0x080044eb   Thumb Code    58  dance.o(.text)
    DLeft                                    0x08004525   Thumb Code    58  dance.o(.text)
    DRight                                   0x0800455f   Thumb Code    58  dance.o(.text)
    Dance_Without_MegneticNavi               0x08004599   Thumb Code   198  dance.o(.text)
    SetMode                                  0x08004679   Thumb Code    32  uart_protocol.o(.text)
    IrDA_Trigger_Voice                       0x08004699   Thumb Code    34  uart_protocol.o(.text)
    GPIO_PAD_PWRON_Configuration             0x080046c5   Thumb Code    64  miscio.o(.text)
    GetClocksFreq_Test                       0x08004709   Thumb Code    10  test.o(.text)
    LED_Test                                 0x08004713   Thumb Code     8  test.o(.text)
    BLD_IO_Test                              0x0800471b   Thumb Code    64  test.o(.text)
    PWM_Configuration_Test                   0x0800475b   Thumb Code   132  test.o(.text)
    Forward                                  0x080047df   Thumb Code    68  test.o(.text)
    Back                                     0x08004823   Thumb Code    72  test.o(.text)
    StopL                                    0x0800486b   Thumb Code    14  test.o(.text)
    StopR                                    0x08004879   Thumb Code    14  test.o(.text)
    Music_Play_Times_Test                    0x08004887   Thumb Code    52  test.o(.text)
    LCD_Disp_Test                            0x080048bb   Thumb Code     8  test.o(.text)
    LCD_Key_Handler_Test                     0x080048c3   Thumb Code     8  test.o(.text)
    IRDA_Test                                0x080048cb   Thumb Code    52  test.o(.text)
    MeasurePuslesPPR                         0x080048ff   Thumb Code    54  test.o(.text)
    NVIC_PriorityGroupConfig                 0x0800498d   Thumb Code    10  misc.o(.text)
    NVIC_Init                                0x08004997   Thumb Code   108  misc.o(.text)
    NVIC_SetVectorTable                      0x08004a03   Thumb Code    14  misc.o(.text)
    NVIC_SystemLPConfig                      0x08004a11   Thumb Code    34  misc.o(.text)
    SysTick_CLKSourceConfig                  0x08004a33   Thumb Code    40  misc.o(.text)
    GPIO_DeInit                              0x08004a71   Thumb Code   220  stm32f4xx_gpio.o(.text)
    GPIO_Init                                0x08004b4d   Thumb Code   144  stm32f4xx_gpio.o(.text)
    GPIO_StructInit                          0x08004bdd   Thumb Code    18  stm32f4xx_gpio.o(.text)
    GPIO_PinLockConfig                       0x08004bef   Thumb Code    34  stm32f4xx_gpio.o(.text)
    GPIO_ReadInputDataBit                    0x08004c11   Thumb Code    18  stm32f4xx_gpio.o(.text)
    GPIO_ReadInputData                       0x08004c23   Thumb Code     8  stm32f4xx_gpio.o(.text)
    GPIO_ReadOutputDataBit                   0x08004c2b   Thumb Code    18  stm32f4xx_gpio.o(.text)
    GPIO_ReadOutputData                      0x08004c3d   Thumb Code     8  stm32f4xx_gpio.o(.text)
    GPIO_SetBits                             0x08004c45   Thumb Code     4  stm32f4xx_gpio.o(.text)
    GPIO_ResetBits                           0x08004c49   Thumb Code     4  stm32f4xx_gpio.o(.text)
    GPIO_WriteBit                            0x08004c4d   Thumb Code    10  stm32f4xx_gpio.o(.text)
    GPIO_Write                               0x08004c57   Thumb Code     4  stm32f4xx_gpio.o(.text)
    GPIO_ToggleBits                          0x08004c5b   Thumb Code     8  stm32f4xx_gpio.o(.text)
    GPIO_PinAFConfig                         0x08004c63   Thumb Code    70  stm32f4xx_gpio.o(.text)
    RCC_DeInit                               0x08004ccd   Thumb Code    60  stm32f4xx_rcc.o(.text)
    RCC_HSEConfig                            0x08004d09   Thumb Code    14  stm32f4xx_rcc.o(.text)
    RCC_GetFlagStatus                        0x08004d17   Thumb Code    60  stm32f4xx_rcc.o(.text)
    RCC_WaitForHSEStartUp                    0x08004d53   Thumb Code    56  stm32f4xx_rcc.o(.text)
    RCC_AdjustHSICalibrationValue            0x08004d8b   Thumb Code    20  stm32f4xx_rcc.o(.text)
    RCC_HSICmd                               0x08004d9f   Thumb Code     6  stm32f4xx_rcc.o(.text)
    RCC_LSEConfig                            0x08004da5   Thumb Code    46  stm32f4xx_rcc.o(.text)
    RCC_LSICmd                               0x08004dd3   Thumb Code     6  stm32f4xx_rcc.o(.text)
    RCC_PLLCmd                               0x08004dd9   Thumb Code     6  stm32f4xx_rcc.o(.text)
    RCC_PLLI2SCmd                            0x08004ddf   Thumb Code     6  stm32f4xx_rcc.o(.text)
    RCC_PLLSAICmd                            0x08004de5   Thumb Code     6  stm32f4xx_rcc.o(.text)
    RCC_ClockSecuritySystemCmd               0x08004deb   Thumb Code     6  stm32f4xx_rcc.o(.text)
    RCC_MCO1Config                           0x08004df1   Thumb Code    28  stm32f4xx_rcc.o(.text)
    RCC_MCO2Config                           0x08004e0d   Thumb Code    28  stm32f4xx_rcc.o(.text)
    RCC_SYSCLKConfig                         0x08004e29   Thumb Code    20  stm32f4xx_rcc.o(.text)
    RCC_GetSYSCLKSource                      0x08004e3d   Thumb Code    12  stm32f4xx_rcc.o(.text)
    RCC_HCLKConfig                           0x08004e49   Thumb Code    20  stm32f4xx_rcc.o(.text)
    RCC_PCLK1Config                          0x08004e5d   Thumb Code    20  stm32f4xx_rcc.o(.text)
    RCC_PCLK2Config                          0x08004e71   Thumb Code    22  stm32f4xx_rcc.o(.text)
    RCC_GetClocksFreq                        0x08004e87   Thumb Code   222  stm32f4xx_rcc.o(.text)
    RCC_RTCCLKConfig                         0x08004f65   Thumb Code    54  stm32f4xx_rcc.o(.text)
    RCC_RTCCLKCmd                            0x08004f9b   Thumb Code     8  stm32f4xx_rcc.o(.text)
    RCC_BackupResetCmd                       0x08004fa3   Thumb Code     8  stm32f4xx_rcc.o(.text)
    RCC_SAIPLLI2SClkDivConfig                0x08004fab   Thumb Code     8  stm32f4xx_rcc.o(.text)
    RCC_SAIPLLSAIClkDivConfig                0x08004fb3   Thumb Code    10  stm32f4xx_rcc.o(.text)
    RCC_LTDCCLKDivConfig                     0x08004fbd   Thumb Code     6  stm32f4xx_rcc.o(.text)
    RCC_TIMCLKPresConfig                     0x08004fc3   Thumb Code     6  stm32f4xx_rcc.o(.text)
    RCC_AHB1PeriphClockCmd                   0x08004fc9   Thumb Code    34  stm32f4xx_rcc.o(.text)
    RCC_AHB2PeriphClockCmd                   0x08004feb   Thumb Code    34  stm32f4xx_rcc.o(.text)
    RCC_APB1PeriphClockCmd                   0x0800500d   Thumb Code    34  stm32f4xx_rcc.o(.text)
    RCC_APB2PeriphClockCmd                   0x0800502f   Thumb Code    34  stm32f4xx_rcc.o(.text)
    RCC_AHB1PeriphResetCmd                   0x08005051   Thumb Code    34  stm32f4xx_rcc.o(.text)
    RCC_AHB2PeriphResetCmd                   0x08005073   Thumb Code    34  stm32f4xx_rcc.o(.text)
    RCC_APB1PeriphResetCmd                   0x08005095   Thumb Code    76  stm32f4xx_rcc.o(.text)
    RCC_APB2PeriphResetCmd                   0x080050e1   Thumb Code    26  stm32f4xx_rcc.o(.text)
    RCC_AHB1PeriphClockLPModeCmd             0x080050fb   Thumb Code    34  stm32f4xx_rcc.o(.text)
    RCC_AHB2PeriphClockLPModeCmd             0x0800511d   Thumb Code    34  stm32f4xx_rcc.o(.text)
    RCC_APB1PeriphClockLPModeCmd             0x0800513f   Thumb Code    34  stm32f4xx_rcc.o(.text)
    RCC_APB2PeriphClockLPModeCmd             0x08005161   Thumb Code    34  stm32f4xx_rcc.o(.text)
    RCC_LSEModeConfig                        0x08005183   Thumb Code     2  stm32f4xx_rcc.o(.text)
    RCC_ITConfig                             0x08005185   Thumb Code    34  stm32f4xx_rcc.o(.text)
    RCC_ClearFlag                            0x080051a7   Thumb Code    18  stm32f4xx_rcc.o(.text)
    RCC_GetITStatus                          0x080051b9   Thumb Code    22  stm32f4xx_rcc.o(.text)
    RCC_ClearITPendingBit                    0x080051cf   Thumb Code     8  stm32f4xx_rcc.o(.text)
    TIM_DeInit                               0x080051dd   Thumb Code   346  stm32f4xx_tim.o(.text)
    TIM_TimeBaseInit                         0x08005337   Thumb Code   104  stm32f4xx_tim.o(.text)
    TIM_TimeBaseStructInit                   0x0800539f   Thumb Code    18  stm32f4xx_tim.o(.text)
    TIM_PrescalerConfig                      0x080053b1   Thumb Code     6  stm32f4xx_tim.o(.text)
    TIM_CounterModeConfig                    0x080053b7   Thumb Code    18  stm32f4xx_tim.o(.text)
    TIM_SetCounter                           0x080053c9   Thumb Code     4  stm32f4xx_tim.o(.text)
    TIM_SetAutoreload                        0x080053cd   Thumb Code     4  stm32f4xx_tim.o(.text)
    TIM_GetCounter                           0x080053d1   Thumb Code     6  stm32f4xx_tim.o(.text)
    TIM_GetPrescaler                         0x080053d7   Thumb Code     6  stm32f4xx_tim.o(.text)
    TIM_UpdateDisableConfig                  0x080053dd   Thumb Code    24  stm32f4xx_tim.o(.text)
    TIM_UpdateRequestConfig                  0x080053f5   Thumb Code    24  stm32f4xx_tim.o(.text)
    TIM_ARRPreloadConfig                     0x0800540d   Thumb Code    24  stm32f4xx_tim.o(.text)
    TIM_SelectOnePulseMode                   0x08005425   Thumb Code    18  stm32f4xx_tim.o(.text)
    TIM_SetClockDivision                     0x08005437   Thumb Code    18  stm32f4xx_tim.o(.text)
    TIM_Cmd                                  0x08005449   Thumb Code    24  stm32f4xx_tim.o(.text)
    TIM_OC1Init                              0x08005461   Thumb Code   114  stm32f4xx_tim.o(.text)
    TIM_OC2Init                              0x080054d3   Thumb Code   154  stm32f4xx_tim.o(.text)
    TIM_OC3Init                              0x0800556d   Thumb Code   204  stm32f4xx_tim.o(.text)
    TIM_OC4Init                              0x08005639   Thumb Code   112  stm32f4xx_tim.o(.text)
    TIM_OCStructInit                         0x080056a9   Thumb Code    20  stm32f4xx_tim.o(.text)
    TIM_SelectOCxM                           0x080056bd   Thumb Code    86  stm32f4xx_tim.o(.text)
    TIM_SetCompare1                          0x08005713   Thumb Code     4  stm32f4xx_tim.o(.text)
    TIM_SetCompare2                          0x08005717   Thumb Code     4  stm32f4xx_tim.o(.text)
    TIM_SetCompare3                          0x0800571b   Thumb Code     4  stm32f4xx_tim.o(.text)
    TIM_SetCompare4                          0x0800571f   Thumb Code     4  stm32f4xx_tim.o(.text)
    TIM_ForcedOC1Config                      0x08005723   Thumb Code    18  stm32f4xx_tim.o(.text)
    TIM_ForcedOC2Config                      0x08005735   Thumb Code    26  stm32f4xx_tim.o(.text)
    TIM_ForcedOC3Config                      0x0800574f   Thumb Code    18  stm32f4xx_tim.o(.text)
    TIM_ForcedOC4Config                      0x08005761   Thumb Code    26  stm32f4xx_tim.o(.text)
    TIM_OC1PreloadConfig                     0x0800577b   Thumb Code    18  stm32f4xx_tim.o(.text)
    TIM_OC2PreloadConfig                     0x0800578d   Thumb Code    26  stm32f4xx_tim.o(.text)
    TIM_OC3PreloadConfig                     0x080057a7   Thumb Code    18  stm32f4xx_tim.o(.text)
    TIM_OC4PreloadConfig                     0x080057b9   Thumb Code    26  stm32f4xx_tim.o(.text)
    TIM_OC1FastConfig                        0x080057d3   Thumb Code    18  stm32f4xx_tim.o(.text)
    TIM_OC2FastConfig                        0x080057e5   Thumb Code    26  stm32f4xx_tim.o(.text)
    TIM_OC3FastConfig                        0x080057ff   Thumb Code    18  stm32f4xx_tim.o(.text)
    TIM_OC4FastConfig                        0x08005811   Thumb Code    26  stm32f4xx_tim.o(.text)
    TIM_ClearOC1Ref                          0x0800582b   Thumb Code    18  stm32f4xx_tim.o(.text)
    TIM_ClearOC2Ref                          0x0800583d   Thumb Code    24  stm32f4xx_tim.o(.text)
    TIM_ClearOC3Ref                          0x08005855   Thumb Code    18  stm32f4xx_tim.o(.text)
    TIM_ClearOC4Ref                          0x08005867   Thumb Code    24  stm32f4xx_tim.o(.text)
    TIM_OC1PolarityConfig                    0x0800587f   Thumb Code    18  stm32f4xx_tim.o(.text)
    TIM_OC1NPolarityConfig                   0x08005891   Thumb Code    18  stm32f4xx_tim.o(.text)
    TIM_OC2PolarityConfig                    0x080058a3   Thumb Code    26  stm32f4xx_tim.o(.text)
    TIM_OC2NPolarityConfig                   0x080058bd   Thumb Code    26  stm32f4xx_tim.o(.text)
    TIM_OC3PolarityConfig                    0x080058d7   Thumb Code    26  stm32f4xx_tim.o(.text)
    TIM_OC3NPolarityConfig                   0x080058f1   Thumb Code    26  stm32f4xx_tim.o(.text)
    TIM_OC4PolarityConfig                    0x0800590b   Thumb Code    26  stm32f4xx_tim.o(.text)
    TIM_CCxCmd                               0x08005925   Thumb Code    30  stm32f4xx_tim.o(.text)
    TIM_CCxNCmd                              0x08005943   Thumb Code    30  stm32f4xx_tim.o(.text)
    TIM_SetIC4Prescaler                      0x08005961   Thumb Code    26  stm32f4xx_tim.o(.text)
    TIM_SetIC3Prescaler                      0x080059cb   Thumb Code    18  stm32f4xx_tim.o(.text)
    TIM_SetIC2Prescaler                      0x08005a25   Thumb Code    26  stm32f4xx_tim.o(.text)
    TIM_SetIC1Prescaler                      0x08005a99   Thumb Code    18  stm32f4xx_tim.o(.text)
    TIM_ICInit                               0x08005ae5   Thumb Code   110  stm32f4xx_tim.o(.text)
    TIM_ICStructInit                         0x08005b53   Thumb Code    18  stm32f4xx_tim.o(.text)
    TIM_PWMIConfig                           0x08005b65   Thumb Code   124  stm32f4xx_tim.o(.text)
    TIM_GetCapture1                          0x08005be1   Thumb Code     6  stm32f4xx_tim.o(.text)
    TIM_GetCapture2                          0x08005be7   Thumb Code     6  stm32f4xx_tim.o(.text)
    TIM_GetCapture3                          0x08005bed   Thumb Code     6  stm32f4xx_tim.o(.text)
    TIM_GetCapture4                          0x08005bf3   Thumb Code     6  stm32f4xx_tim.o(.text)
    TIM_BDTRConfig                           0x08005bf9   Thumb Code    32  stm32f4xx_tim.o(.text)
    TIM_BDTRStructInit                       0x08005c19   Thumb Code    18  stm32f4xx_tim.o(.text)
    TIM_CtrlPWMOutputs                       0x08005c2b   Thumb Code    30  stm32f4xx_tim.o(.text)
    TIM_SelectCOM                            0x08005c49   Thumb Code    24  stm32f4xx_tim.o(.text)
    TIM_CCPreloadControl                     0x08005c61   Thumb Code    24  stm32f4xx_tim.o(.text)
    TIM_ITConfig                             0x08005c79   Thumb Code    18  stm32f4xx_tim.o(.text)
    TIM_GenerateEvent                        0x08005c8b   Thumb Code     4  stm32f4xx_tim.o(.text)
    TIM_GetFlagStatus                        0x08005c8f   Thumb Code    18  stm32f4xx_tim.o(.text)
    TIM_ClearFlag                            0x08005ca1   Thumb Code     6  stm32f4xx_tim.o(.text)
    TIM_GetITStatus                          0x08005ca7   Thumb Code    34  stm32f4xx_tim.o(.text)
    TIM_ClearITPendingBit                    0x08005cc9   Thumb Code     6  stm32f4xx_tim.o(.text)
    TIM_DMAConfig                            0x08005ccf   Thumb Code    10  stm32f4xx_tim.o(.text)
    TIM_DMACmd                               0x08005cd9   Thumb Code    18  stm32f4xx_tim.o(.text)
    TIM_SelectCCDMA                          0x08005ceb   Thumb Code    24  stm32f4xx_tim.o(.text)
    TIM_InternalClockConfig                  0x08005d03   Thumb Code    12  stm32f4xx_tim.o(.text)
    TIM_SelectInputTrigger                   0x08005d0f   Thumb Code    18  stm32f4xx_tim.o(.text)
    TIM_ITRxExternalClockConfig              0x08005d21   Thumb Code    24  stm32f4xx_tim.o(.text)
    TIM_TIxExternalClockConfig               0x08005d39   Thumb Code    62  stm32f4xx_tim.o(.text)
    TIM_ETRConfig                            0x08005d77   Thumb Code    28  stm32f4xx_tim.o(.text)
    TIM_ETRClockMode1Config                  0x08005d93   Thumb Code    54  stm32f4xx_tim.o(.text)
    TIM_ETRClockMode2Config                  0x08005dc9   Thumb Code    32  stm32f4xx_tim.o(.text)
    TIM_SelectOutputTrigger                  0x08005de9   Thumb Code    18  stm32f4xx_tim.o(.text)
    TIM_SelectSlaveMode                      0x08005dfb   Thumb Code    18  stm32f4xx_tim.o(.text)
    TIM_SelectMasterSlaveMode                0x08005e0d   Thumb Code    18  stm32f4xx_tim.o(.text)
    TIM_EncoderInterfaceConfig               0x08005e1f   Thumb Code    66  stm32f4xx_tim.o(.text)
    TIM_SelectHallSensor                     0x08005e61   Thumb Code    24  stm32f4xx_tim.o(.text)
    TIM_RemapConfig                          0x08005e79   Thumb Code     6  stm32f4xx_tim.o(.text)
    USART_DeInit                             0x08005e81   Thumb Code   206  stm32f4xx_usart.o(.text)
    USART_Init                               0x08005f4f   Thumb Code   204  stm32f4xx_usart.o(.text)
    USART_StructInit                         0x0800601b   Thumb Code    24  stm32f4xx_usart.o(.text)
    USART_ClockInit                          0x08006033   Thumb Code    32  stm32f4xx_usart.o(.text)
    USART_ClockStructInit                    0x08006053   Thumb Code    12  stm32f4xx_usart.o(.text)
    USART_Cmd                                0x0800605f   Thumb Code    24  stm32f4xx_usart.o(.text)
    USART_SetPrescaler                       0x08006077   Thumb Code    16  stm32f4xx_usart.o(.text)
    USART_OverSampling8Cmd                   0x08006087   Thumb Code    22  stm32f4xx_usart.o(.text)
    USART_OneBitMethodCmd                    0x0800609d   Thumb Code    24  stm32f4xx_usart.o(.text)
    USART_SendData                           0x080060b5   Thumb Code     8  stm32f4xx_usart.o(.text)
    USART_ReceiveData                        0x080060bd   Thumb Code    10  stm32f4xx_usart.o(.text)
    USART_SetAddress                         0x080060c7   Thumb Code    18  stm32f4xx_usart.o(.text)
    USART_ReceiverWakeUpCmd                  0x080060d9   Thumb Code    24  stm32f4xx_usart.o(.text)
    USART_WakeUpConfig                       0x080060f1   Thumb Code    18  stm32f4xx_usart.o(.text)
    USART_LINBreakDetectLengthConfig         0x08006103   Thumb Code    18  stm32f4xx_usart.o(.text)
    USART_LINCmd                             0x08006115   Thumb Code    24  stm32f4xx_usart.o(.text)
    USART_SendBreak                          0x0800612d   Thumb Code    10  stm32f4xx_usart.o(.text)
    USART_HalfDuplexCmd                      0x08006137   Thumb Code    24  stm32f4xx_usart.o(.text)
    USART_SetGuardTime                       0x0800614f   Thumb Code    16  stm32f4xx_usart.o(.text)
    USART_SmartCardCmd                       0x0800615f   Thumb Code    24  stm32f4xx_usart.o(.text)
    USART_SmartCardNACKCmd                   0x08006177   Thumb Code    24  stm32f4xx_usart.o(.text)
    USART_IrDAConfig                         0x0800618f   Thumb Code    18  stm32f4xx_usart.o(.text)
    USART_IrDACmd                            0x080061a1   Thumb Code    24  stm32f4xx_usart.o(.text)
    USART_DMACmd                             0x080061b9   Thumb Code    18  stm32f4xx_usart.o(.text)
    USART_ITConfig                           0x080061cb   Thumb Code    74  stm32f4xx_usart.o(.text)
    USART_GetFlagStatus                      0x08006215   Thumb Code    26  stm32f4xx_usart.o(.text)
    USART_ClearFlag                          0x0800622f   Thumb Code    18  stm32f4xx_usart.o(.text)
    USART_GetITStatus                        0x08006241   Thumb Code   118  stm32f4xx_usart.o(.text)
    USART_ClearITPendingBit                  0x080062b7   Thumb Code    30  stm32f4xx_usart.o(.text)
    __use_two_region_memory                  0x080062d5   Thumb Code     2  heapauxi.o(.text)
    __rt_heap_escrow$2region                 0x080062d7   Thumb Code     2  heapauxi.o(.text)
    __rt_heap_expand$2region                 0x080062d9   Thumb Code     2  heapauxi.o(.text)
    __user_setup_stackheap                   0x080062db   Thumb Code    74  sys_stackheap_outer.o(.text)
    exit                                     0x08006325   Thumb Code    18  exit.o(.text)
    __user_libspace                          0x08006339   Thumb Code     8  libspace.o(.text)
    __user_perproc_libspace                  0x08006339   Thumb Code     0  libspace.o(.text)
    __user_perthread_libspace                0x08006339   Thumb Code     0  libspace.o(.text)
    _sys_exit                                0x08006341   Thumb Code     8  sys_exit.o(.text)
    __I$use$semihosting                      0x0800634d   Thumb Code     0  use_no_semi.o(.text)
    __use_no_semihosting_swi                 0x0800634d   Thumb Code     2  use_no_semi.o(.text)
    __semihosting_library_function           0x0800634f   Thumb Code     0  indicate_semi.o(.text)
    __aeabi_d2f                              0x08006351   Thumb Code     0  d2f.o(x$fpl$d2f)
    _d2f                                     0x08006351   Thumb Code    98  d2f.o(x$fpl$d2f)
    __aeabi_ddiv                             0x080063b5   Thumb Code     0  ddiv.o(x$fpl$ddiv)
    _ddiv                                    0x080063b5   Thumb Code   552  ddiv.o(x$fpl$ddiv)
    __aeabi_i2d                              0x08006665   Thumb Code     0  dflt_clz.o(x$fpl$dflt)
    _dflt                                    0x08006665   Thumb Code    46  dflt_clz.o(x$fpl$dflt)
    __fpl_dnaninf                            0x08006693   Thumb Code   156  dnaninf.o(x$fpl$dnaninf)
    __fpl_dretinf                            0x0800672f   Thumb Code    12  dretinf.o(x$fpl$dretinf)
    _fp_init                                 0x0800673b   Thumb Code    10  fpinit.o(x$fpl$fpinit)
    __fplib_config_fpu_vfp                   0x08006743   Thumb Code     0  fpinit.o(x$fpl$fpinit)
    __fplib_config_pureend_doubles           0x08006743   Thumb Code     0  fpinit.o(x$fpl$fpinit)
    __fpl_fretinf                            0x08006745   Thumb Code    10  fretinf.o(x$fpl$fretinf)
    __I$use$fp                               0x0800674e   Number         0  usenofp.o(x$fpl$usenofp)
    Region$$Table$$Base                      0x08006750   Number         0  anon$$obj.o(Region$$Table)
    Region$$Table$$Limit                     0x08006770   Number         0  anon$$obj.o(Region$$Table)
    SystemCoreClock                          0x20000000   Data           4  system_stm32f4xx.o(.data)
    AHBPrescTable                            0x20000004   Data          16  system_stm32f4xx.o(.data)
    SystTickInterval                         0x20000014   Data           4  systick.o(.data)
    u8MusicPlayCmd                           0x20000018   Data           7  speaker.o(.data)
    u8MusicPlayChkCmd                        0x2000001f   Data           7  speaker.o(.data)
    u8ResposeBuf                             0x20000026   Data           7  speaker.o(.data)
    u8PlayStatus                             0x2000002d   Data           1  speaker.o(.data)
    u8ReceiveCnt                             0x2000002e   Data           1  speaker.o(.data)
    u8Exit                                   0x2000002f   Data           1  speaker.o(.data)
    u8SpeedLevel                             0x20000030   Data           1  lcd.o(.data)
    RunningMode                              0x20000031   Data           1  lcd.o(.data)
    Dilivering                               0x20000032   Data           1  lcd.o(.data)
    LcdReceiveData                           0x20000033   Data           1  lcd.o(.data)
    LcdMustReceive                           0x20000034   Data           1  lcd.o(.data)
    LcdReceiveDataFlag                       0x20000035   Data           1  lcd.o(.data)
    have_scmd                                0x20000036   Data           1  lcd.o(.data)
    have_receive                             0x20000037   Data           1  lcd.o(.data)
    Lcd100uS                                 0x20000038   Data           1  lcd.o(.data)
    Lcd_have_scmd                            0x20000039   Data           1  lcd.o(.data)
    Lcd_have_receive                         0x2000003a   Data           1  lcd.o(.data)
    LCD_Start_Flag                           0x2000003b   Data           1  lcd.o(.data)
    Wifi_Start_Flag                          0x2000003c   Data           1  lcd.o(.data)
    SWTFlag                                  0x2000003e   Data           2  lcd.o(.data)
    MoveFlag                                 0x20000040   Data           1  lcd.o(.data)
    data32                                   0x20000044   Data           4  lcd.o(.data)
    OkStation                                0x20000048   Data           1  lcd.o(.data)
    row                                      0x20000049   Data           1  lcd.o(.data)
    KeyInCount                               0x2000004a   Data           1  lcd.o(.data)
    KeyInPutData                             0x2000004c   Data           2  lcd.o(.data)
    u16Current_TIM_Period                    0x2000004e   Data           2  pwm.o(.data)
    u8Obstacle                               0x20000050   Data           1  irda.o(.data)
    UART1Cmd1mS                              0x20000052   Data           1  stm32f4xx_it.o(.data)
    u16OutOfRoadCnt                          0x20000054   Data           2  stm32f4xx_it.o(.data)
    Direction                                0x20000064   Data           4  filtering_algorithm.o(.data)
    SumL_Count                               0x20000068   Data           1  filtering_algorithm.o(.data)
    SumR_Count                               0x20000069   Data           1  filtering_algorithm.o(.data)
    Speed_LeftMotor                          0x2000006c   Data           4  filtering_algorithm.o(.data)
    Speed_RightMotor                         0x20000070   Data           4  filtering_algorithm.o(.data)
    SpotSpeed_LeftMotor                      0x20000078   Data           4  sensor_acquisition.o(.data)
    SpotSpeed_RightMotor                     0x2000007c   Data           4  sensor_acquisition.o(.data)
    Count                                    0x20000080   Data           4  sensor_acquisition.o(.data)
    Dir_LM                                   0x20000084   Data           4  sensor_acquisition.o(.data)
    Dir_RM                                   0x20000088   Data           4  sensor_acquisition.o(.data)
    Count_LM                                 0x2000008c   Data           2  sensor_acquisition.o(.data)
    Count_RM                                 0x2000008e   Data           2  sensor_acquisition.o(.data)
    MagNaviSampleCnt                         0x20000090   Data           1  magneticnavigation.o(.data)
    CdhHaveReceivee                          0x20000091   Data           1  magneticnavigation.o(.data)
    ReceiveCrc16                             0x20000092   Data           2  magneticnavigation.o(.data)
    CdhHaveData1mS                           0x20000094   Data           1  magneticnavigation.o(.data)
    ReadCdhCmd                               0x20000095   Data           6  magneticnavigation.o(.data)
    CdhHRStart                               0x2000009b   Data           1  magneticnavigation.o(.data)
    CdhMode                                  0x2000009c   Data           1  magneticnavigation.o(.data)
    CTData                                   0x200000a0   Data           4  magneticnavigation.o(.data)
    TT0                                      0x200000a4   Data           2  magneticnavigation.o(.data)
    DirectionCL_PError                       0x200000a8   Data           4  pid_calculation.o(.data)
    DirectionCL_PID                          0x200000ac   Data           4  pid_calculation.o(.data)
    Speed_EXP                                0x200000b0   Data           4  pid_calculation.o(.data)
    Speed_Increment                          0x200000b4   Data           4  pid_calculation.o(.data)
    SpeedLeft_EXP                            0x200000b8   Data           4  pid_calculation.o(.data)
    SpeedRight_EXP                           0x200000bc   Data           4  pid_calculation.o(.data)
    SpeedL_PID                               0x200000c0   Data           4  pid_calculation.o(.data)
    SpeedR_PID                               0x200000c4   Data           4  pid_calculation.o(.data)
    RemoteControlL_EXP                       0x200000c8   Data           4  pid_calculation.o(.data)
    RemoteControlR_EXP                       0x200000cc   Data           4  pid_calculation.o(.data)
    RemoteControlL_PID                       0x200000d0   Data           4  pid_calculation.o(.data)
    RemoteControlR_PID                       0x200000d4   Data           4  pid_calculation.o(.data)
    PID_LeftMotor                            0x200000d8   Data           4  pid_calculation.o(.data)
    PID_RightMotor                           0x200000dc   Data           4  pid_calculation.o(.data)
    LeftTurning_Flag                         0x200000e0   Data           1  station_handler.o(.data)
    RightTurning_Flag                        0x200000e1   Data           1  station_handler.o(.data)
    TurnBack_Flag                            0x200000e2   Data           1  station_handler.o(.data)
    LeftTurning_Flag1                        0x200000e4   Data           4  station_handler.o(.data)
    RightTurning_Flag1                       0x200000e8   Data           4  station_handler.o(.data)
    LeftTurning_Angle                        0x200000ec   Data           4  station_handler.o(.data)
    RightTurning_Angle                       0x200000f0   Data           4  station_handler.o(.data)
    TurnBack_Angle                           0x200000f4   Data           4  station_handler.o(.data)
    count                                    0x200000f8   Data           4  station_handler.o(.data)
    u8TableWareStatus                        0x200000fc   Data           1  station_handler.o(.data)
    HavrCardFlag                             0x200000fe   Data           1  rfid.o(.data)
    RFID_Rec                                 0x200000ff   Data           1  rfid.o(.data)
    RFID_LowPower_Flag                       0x20000100   Data           1  rfid.o(.data)
    RFID_FindCar_Flag                        0x20000101   Data           1  rfid.o(.data)
    FindCar_Flag                             0x20000102   Data           1  rfid.o(.data)
    FindCmd_Flag                             0x20000103   Data           1  rfid.o(.data)
    HaveStationeFlag                         0x20000104   Data           1  rfid.o(.data)
    Station                                  0x20000106   Data           2  rfid.o(.data)
    NoHaveRfid100uS                          0x20000108   Data           2  rfid.o(.data)
    Remote_Flag                              0x2000010c   Data           1  remote_control.o(.data)
    Remote_Stop                              0x2000010d   Data           1  remote_control.o(.data)
    Remote_Buffer                            0x2000010e   Data           6  remote_control.o(.data)
    u8Remote_Voice1                          0x20000114   Data           1  remote_control.o(.data)
    u8Remote_Voice2                          0x20000115   Data           1  remote_control.o(.data)
    u8Remote_Voice3                          0x20000116   Data           1  remote_control.o(.data)
    u8Remote_Voice4                          0x20000117   Data           1  remote_control.o(.data)
    u8Remote_Voice5                          0x20000118   Data           1  remote_control.o(.data)
    Turn_Left                                0x2000011c   Data           4  remote_control.o(.data)
    Turn_Right                               0x20000120   Data           4  remote_control.o(.data)
    Remote_Speed                             0x20000124   Data           4  remote_control.o(.data)
    RemoteLeft_EXP                           0x20000128   Data           4  remote_control.o(.data)
    RemoteRight_EXP                          0x2000012c   Data           4  remote_control.o(.data)
    u8OutOfRoad                              0x20000130   Data           1  voicehandler.o(.data)
    u8PlayEn                                 0x20000131   Data           1  voicehandler.o(.data)
    u8PlayDone                               0x20000132   Data           1  voicehandler.o(.data)
    u8PlayFolderNum                          0x20000133   Data           1  voicehandler.o(.data)
    u8PlayVolume                             0x20000134   Data           1  voicehandler.o(.data)
    u8PlayResult                             0x20000135   Data           1  voicehandler.o(.data)
    u16PlayTimes                             0x20000136   Data           2  voicehandler.o(.data)
    u16PlayInterval                          0x20000138   Data           2  voicehandler.o(.data)
    u16PlayTimeOut                           0x2000013a   Data           2  voicehandler.o(.data)
    u8Playing                                0x2000013c   Data           1  voicehandler.o(.data)
    u8Direction_Last                         0x2000013d   Data           1  voicehandler.o(.data)
    u8Block                                  0x2000013e   Data           1  voicehandler.o(.data)
    u8Turning                                0x2000013f   Data           1  voicehandler.o(.data)
    u16DelayTable                            0x20000140   Data          10  voicehandler.o(.data)
    u16DelayForRemoteTable                   0x2000014a   Data           4  voicehandler.o(.data)
    u8Dance_LeftTurning_Flag                 0x20000150   Data           1  dance.o(.data)
    u16_Dance_LeftTurning_Time               0x20000152   Data           2  dance.o(.data)
    u8DanceCount                             0x20000154   Data           1  dance.o(.data)
    d_SpeedLeft_EXP                          0x20000158   Data           4  dance.o(.data)
    d_SpeedRight_EXP                         0x2000015c   Data           4  dance.o(.data)
    u16PWM_Freq                              0x20000160   Data           2  test.o(.data)
    u8PWM_FREQ_UPEN                          0x20000162   Data           1  test.o(.data)
    u8PWM_Duty_L                             0x20000163   Data           1  test.o(.data)
    u8PWM_Duty_R                             0x20000164   Data           1  test.o(.data)
    Speaker_Test_Structure                   0x20000166   Data          12  test.o(.data)
    u32TempL                                 0x20000174   Data           4  test.o(.data)
    u32TempR                                 0x20000178   Data           4  test.o(.data)
    u8DriverEn                               0x2000017c   Data           1  test.o(.data)
    u8Direction                              0x2000017d   Data           1  test.o(.data)
    u8BreakEn                                0x2000017e   Data           1  test.o(.data)
    u8CtrlSigL_UpEn                          0x2000017f   Data           1  test.o(.data)
    u8CtrlSigR_UpEn                          0x20000180   Data           1  test.o(.data)
    u8IrDA1Status                            0x20000181   Data           1  test.o(.data)
    u8IrDA2Status                            0x20000182   Data           1  test.o(.data)
    u8IrDA3Status                            0x20000183   Data           1  test.o(.data)
    u8IrDA4Status                            0x20000184   Data           1  test.o(.data)
    u8TableWareStatus1                       0x20000185   Data           1  test.o(.data)
    u8TableWareStatus2                       0x20000186   Data           1  test.o(.data)
    Receive                                  0x20000198   Data         128  lcd.o(.bss)
    Lcd_Receive                              0x20000218   Data         128  lcd.o(.bss)
    u16DishCode                              0x20000298   Data          20  lcd.o(.bss)
    Direction_Buf                            0x200002ac   Data         400  filtering_algorithm.o(.bss)
    SpeedL_Buf                               0x2000043c   Data          40  filtering_algorithm.o(.bss)
    SpeedR_Buf                               0x20000464   Data          40  filtering_algorithm.o(.bss)
    TempBuffer                               0x2000048c   Data          64  magneticnavigation.o(.bss)
    CdhReceive                               0x200004cc   Data          64  magneticnavigation.o(.bss)
    RFID_Buffer                              0x2000050c   Data          32  rfid.o(.bss)
    dir_str                                  0x2000052c   Data          60  remote_control.o(.bss)
    u8SendBuff                               0x20000568   Data           9  uart_protocol.o(.bss)
    RCC_ClocksStructure                      0x20000574   Data          16  test.o(.bss)
    __libspace_start                         0x20000584   Data          96  libspace.o(.bss)
    __temporary_stack_top$libspace           0x200005e4   Data           0  libspace.o(.bss)



==============================================================================

Memory Map of the image

  Image Entry point : 0x08000189

  Load Region LR_IROM1 (Base: 0x08000000, Size: 0x00006908, Max: 0x00080000, ABSOLUTE, COMPRESSED[0x000067bc])

    Execution Region ER_IROM1 (Base: 0x08000000, Size: 0x00006770, Max: 0x00080000, ABSOLUTE)

    Base Addr    Size         Type   Attr      Idx    E Section Name        Object

    0x08000000   0x00000188   Data   RO            3    RESET               startup_stm32f40xx.o
    0x08000188   0x00000008   Code   RO         1139  * !!!main             c_w.l(__main.o)
    0x08000190   0x00000034   Code   RO         1317    !!!scatter          c_w.l(__scatter.o)
    0x080001c4   0x0000005a   Code   RO         1315    !!dczerorl2         c_w.l(__dczerorl2.o)
    0x0800021e   0x00000002   PAD
    0x08000220   0x0000001c   Code   RO         1319    !!handler_zi        c_w.l(__scatter_zi.o)
    0x0800023c   0x00000002   Code   RO         1185    .ARM.Collect$$libinit$$00000000  c_w.l(libinit.o)
    0x0800023e   0x00000004   Code   RO         1191    .ARM.Collect$$libinit$$00000001  c_w.l(libinit2.o)
    0x08000242   0x00000000   Code   RO         1194    .ARM.Collect$$libinit$$00000004  c_w.l(libinit2.o)
    0x08000242   0x00000000   Code   RO         1197    .ARM.Collect$$libinit$$0000000A  c_w.l(libinit2.o)
    0x08000242   0x00000000   Code   RO         1199    .ARM.Collect$$libinit$$0000000C  c_w.l(libinit2.o)
    0x08000242   0x00000000   Code   RO         1201    .ARM.Collect$$libinit$$0000000E  c_w.l(libinit2.o)
    0x08000242   0x00000000   Code   RO         1204    .ARM.Collect$$libinit$$00000011  c_w.l(libinit2.o)
    0x08000242   0x00000000   Code   RO         1206    .ARM.Collect$$libinit$$00000013  c_w.l(libinit2.o)
    0x08000242   0x00000000   Code   RO         1208    .ARM.Collect$$libinit$$00000015  c_w.l(libinit2.o)
    0x08000242   0x00000000   Code   RO         1210    .ARM.Collect$$libinit$$00000017  c_w.l(libinit2.o)
    0x08000242   0x00000000   Code   RO         1212    .ARM.Collect$$libinit$$00000019  c_w.l(libinit2.o)
    0x08000242   0x00000000   Code   RO         1214    .ARM.Collect$$libinit$$0000001B  c_w.l(libinit2.o)
    0x08000242   0x00000000   Code   RO         1216    .ARM.Collect$$libinit$$0000001D  c_w.l(libinit2.o)
    0x08000242   0x00000000   Code   RO         1218    .ARM.Collect$$libinit$$0000001F  c_w.l(libinit2.o)
    0x08000242   0x00000000   Code   RO         1220    .ARM.Collect$$libinit$$00000021  c_w.l(libinit2.o)
    0x08000242   0x00000000   Code   RO         1222    .ARM.Collect$$libinit$$00000023  c_w.l(libinit2.o)
    0x08000242   0x00000000   Code   RO         1224    .ARM.Collect$$libinit$$00000025  c_w.l(libinit2.o)
    0x08000242   0x00000000   Code   RO         1228    .ARM.Collect$$libinit$$0000002C  c_w.l(libinit2.o)
    0x08000242   0x00000000   Code   RO         1230    .ARM.Collect$$libinit$$0000002E  c_w.l(libinit2.o)
    0x08000242   0x00000000   Code   RO         1232    .ARM.Collect$$libinit$$00000030  c_w.l(libinit2.o)
    0x08000242   0x00000000   Code   RO         1234    .ARM.Collect$$libinit$$00000032  c_w.l(libinit2.o)
    0x08000242   0x00000002   Code   RO         1235    .ARM.Collect$$libinit$$00000033  c_w.l(libinit2.o)
    0x08000244   0x00000002   Code   RO         1255    .ARM.Collect$$libshutdown$$00000000  c_w.l(libshutdown.o)
    0x08000246   0x00000000   Code   RO         1268    .ARM.Collect$$libshutdown$$00000002  c_w.l(libshutdown2.o)
    0x08000246   0x00000000   Code   RO         1270    .ARM.Collect$$libshutdown$$00000004  c_w.l(libshutdown2.o)
    0x08000246   0x00000000   Code   RO         1273    .ARM.Collect$$libshutdown$$00000007  c_w.l(libshutdown2.o)
    0x08000246   0x00000000   Code   RO         1276    .ARM.Collect$$libshutdown$$0000000A  c_w.l(libshutdown2.o)
    0x08000246   0x00000000   Code   RO         1278    .ARM.Collect$$libshutdown$$0000000C  c_w.l(libshutdown2.o)
    0x08000246   0x00000000   Code   RO         1281    .ARM.Collect$$libshutdown$$0000000F  c_w.l(libshutdown2.o)
    0x08000246   0x00000002   Code   RO         1282    .ARM.Collect$$libshutdown$$00000010  c_w.l(libshutdown2.o)
    0x08000248   0x00000000   Code   RO         1153    .ARM.Collect$$rtentry$$00000000  c_w.l(__rtentry.o)
    0x08000248   0x00000000   Code   RO         1162    .ARM.Collect$$rtentry$$00000002  c_w.l(__rtentry2.o)
    0x08000248   0x00000006   Code   RO         1174    .ARM.Collect$$rtentry$$00000004  c_w.l(__rtentry4.o)
    0x0800024e   0x00000000   Code   RO         1164    .ARM.Collect$$rtentry$$00000009  c_w.l(__rtentry2.o)
    0x0800024e   0x00000004   Code   RO         1165    .ARM.Collect$$rtentry$$0000000A  c_w.l(__rtentry2.o)
    0x08000252   0x00000000   Code   RO         1167    .ARM.Collect$$rtentry$$0000000C  c_w.l(__rtentry2.o)
    0x08000252   0x00000008   Code   RO         1168    .ARM.Collect$$rtentry$$0000000D  c_w.l(__rtentry2.o)
    0x0800025a   0x00000002   Code   RO         1189    .ARM.Collect$$rtexit$$00000000  c_w.l(rtexit.o)
    0x0800025c   0x00000000   Code   RO         1237    .ARM.Collect$$rtexit$$00000002  c_w.l(rtexit2.o)
    0x0800025c   0x00000004   Code   RO         1238    .ARM.Collect$$rtexit$$00000003  c_w.l(rtexit2.o)
    0x08000260   0x00000006   Code   RO         1239    .ARM.Collect$$rtexit$$00000004  c_w.l(rtexit2.o)
    0x08000266   0x00000002   PAD
    0x08000268   0x00000040   Code   RO            4    .text               startup_stm32f40xx.o
    0x080002a8   0x00000210   Code   RO           12    .text               system_stm32f4xx.o
    0x080004b8   0x0000002e   Code   RO          115    .text               init.o
    0x080004e6   0x00000002   PAD
    0x080004e8   0x0000009c   Code   RO          183    .text               led.o
    0x08000584   0x0000007c   Code   RO          203    .text               systick.o
    0x08000600   0x000003fc   Code   RO          233    .text               usart.o
    0x080009fc   0x000000e0   Code   RO          257    .text               nvic.o
    0x08000adc   0x00000118   Code   RO          277    .text               speaker.o
    0x08000bf4   0x000017d4   Code   RO          303    .text               lcd.o
    0x080023c8   0x00000124   Code   RO          354    .text               pwm.o
    0x080024ec   0x00000180   Code   RO          380    .text               bld.o
    0x0800266c   0x00000248   Code   RO          403    .text               tim.o
    0x080028b4   0x00000120   Code   RO          423    .text               irda.o
    0x080029d4   0x000003d4   Code   RO          449    .text               stm32f4xx_it.o
    0x08002da8   0x00000024   Code   RO          496    .text               main.o
    0x08002dcc   0x0000005c   Code   RO          527    .text               common.o
    0x08002e28   0x00000164   Code   RO          549    .text               filtering_algorithm.o
    0x08002f8c   0x0000011c   Code   RO          576    .text               sensor_acquisition.o
    0x080030a8   0x00000160   Code   RO          605    .text               magneticnavigation.o
    0x08003208   0x00000518   Code   RO          632    .text               pid_calculation.o
    0x08003720   0x000000dc   Code   RO          663    .text               pwm_output.o
    0x080037fc   0x0000054c   Code   RO          683    .text               station_handler.o
    0x08003d48   0x00000470   Code   RO          730    .text               remote_control.o
    0x080041b8   0x000002d8   Code   RO          757    .text               voicehandler.o
    0x08004490   0x000001e8   Code   RO          808    .text               dance.o
    0x08004678   0x0000004c   Code   RO          834    .text               uart_protocol.o
    0x080046c4   0x00000044   Code   RO          860    .text               miscio.o
    0x08004708   0x00000284   Code   RO          904    .text               test.o
    0x0800498c   0x000000e4   Code   RO          955    .text               STM32F4.lib(misc.o)
    0x08004a70   0x0000025c   Code   RO         1055    .text               STM32F4.lib(stm32f4xx_gpio.o)
    0x08004ccc   0x00000510   Code   RO         1075    .text               STM32F4.lib(stm32f4xx_rcc.o)
    0x080051dc   0x00000ca2   Code   RO         1097    .text               STM32F4.lib(stm32f4xx_tim.o)
    0x08005e7e   0x00000002   PAD
    0x08005e80   0x00000454   Code   RO         1117    .text               STM32F4.lib(stm32f4xx_usart.o)
    0x080062d4   0x00000006   Code   RO         1137    .text               c_w.l(heapauxi.o)
    0x080062da   0x0000004a   Code   RO         1176    .text               c_w.l(sys_stackheap_outer.o)
    0x08006324   0x00000012   Code   RO         1178    .text               c_w.l(exit.o)
    0x08006336   0x00000002   PAD
    0x08006338   0x00000008   Code   RO         1186    .text               c_w.l(libspace.o)
    0x08006340   0x0000000c   Code   RO         1247    .text               c_w.l(sys_exit.o)
    0x0800634c   0x00000002   Code   RO         1258    .text               c_w.l(use_no_semi.o)
    0x0800634e   0x00000000   Code   RO         1260    .text               c_w.l(indicate_semi.o)
    0x0800634e   0x00000002   PAD
    0x08006350   0x00000062   Code   RO         1141    x$fpl$d2f           fz_wm.l(d2f.o)
    0x080063b2   0x00000002   PAD
    0x080063b4   0x000002b0   Code   RO         1144    x$fpl$ddiv          fz_wm.l(ddiv.o)
    0x08006664   0x0000002e   Code   RO         1148    x$fpl$dflt          fz_wm.l(dflt_clz.o)
    0x08006692   0x0000009c   Code   RO         1154    x$fpl$dnaninf       fz_wm.l(dnaninf.o)
    0x0800672e   0x0000000c   Code   RO         1156    x$fpl$dretinf       fz_wm.l(dretinf.o)
    0x0800673a   0x0000000a   Code   RO         1245    x$fpl$fpinit        fz_wm.l(fpinit.o)
    0x08006744   0x0000000a   Code   RO         1158    x$fpl$fretinf       fz_wm.l(fretinf.o)
    0x0800674e   0x00000000   Code   RO         1160    x$fpl$usenofp       fz_wm.l(usenofp.o)
    0x0800674e   0x00000002   PAD
    0x08006750   0x00000020   Data   RO         1313    Region$$Table       anon$$obj.o


    Execution Region RW_IRAM1 (Base: 0x20000000, Size: 0x00000be8, Max: 0x00020000, ABSOLUTE, COMPRESSED[0x0000004c])

    Base Addr    Size         Type   Attr      Idx    E Section Name        Object

    0x20000000   0x00000014   Data   RW           13    .data               system_stm32f4xx.o
    0x20000014   0x00000004   Data   RW          204    .data               systick.o
    0x20000018   0x00000018   Data   RW          278    .data               speaker.o
    0x20000030   0x0000001e   Data   RW          306    .data               lcd.o
    0x2000004e   0x00000002   Data   RW          355    .data               pwm.o
    0x20000050   0x00000001   Data   RW          424    .data               irda.o
    0x20000051   0x00000001   PAD
    0x20000052   0x0000000c   Data   RW          450    .data               stm32f4xx_it.o
    0x2000005e   0x00000002   PAD
    0x20000060   0x00000004   Data   RW          528    .data               common.o
    0x20000064   0x00000011   Data   RW          551    .data               filtering_algorithm.o
    0x20000075   0x00000003   PAD
    0x20000078   0x00000018   Data   RW          577    .data               sensor_acquisition.o
    0x20000090   0x00000016   Data   RW          607    .data               magneticnavigation.o
    0x200000a6   0x00000002   PAD
    0x200000a8   0x00000038   Data   RW          633    .data               pid_calculation.o
    0x200000e0   0x0000001d   Data   RW          684    .data               station_handler.o
    0x200000fd   0x00000001   PAD
    0x200000fe   0x0000000c   Data   RW          710    .data               rfid.o
    0x2000010a   0x00000002   PAD
    0x2000010c   0x00000024   Data   RW          732    .data               remote_control.o
    0x20000130   0x0000001e   Data   RW          758    .data               voicehandler.o
    0x2000014e   0x00000002   PAD
    0x20000150   0x00000010   Data   RW          809    .data               dance.o
    0x20000160   0x00000027   Data   RW          906    .data               test.o
    0x20000187   0x00000010   Data   RW         1076    .data               STM32F4.lib(stm32f4xx_rcc.o)
    0x20000197   0x00000001   PAD
    0x20000198   0x00000114   Zero   RW          304    .bss                lcd.o
    0x200002ac   0x000001e0   Zero   RW          550    .bss                filtering_algorithm.o
    0x2000048c   0x00000080   Zero   RW          606    .bss                magneticnavigation.o
    0x2000050c   0x00000020   Zero   RW          709    .bss                rfid.o
    0x2000052c   0x0000003c   Zero   RW          731    .bss                remote_control.o
    0x20000568   0x00000009   Zero   RW          835    .bss                uart_protocol.o
    0x20000571   0x00000003   PAD
    0x20000574   0x00000010   Zero   RW          905    .bss                test.o
    0x20000584   0x00000060   Zero   RW         1187    .bss                c_w.l(libspace.o)
    0x200005e4   0x00000004   PAD
    0x200005e8   0x00000200   Zero   RW            2    HEAP                startup_stm32f40xx.o
    0x200007e8   0x00000400   Zero   RW            1    STACK               startup_stm32f40xx.o


==============================================================================

Image component sizes


      Code (inc. data)   RO Data    RW Data    ZI Data      Debug   Object Name

       384          6          0          0          0       1292   bld.o
        92         10          0          4          0       1558   common.o
       488         26          0         16          0       2067   dance.o
       356         58          0         17        480       2063   filtering_algorithm.o
        46          0          0          0          0       1099   init.o
       288         14          0          1          0       2056   irda.o
      6100        170          0         30        276      12527   lcd.o
       156          8          0          0          0        836   led.o
       352         54          0         22        128       2214   magneticnavigation.o
        36          0          0          0          0        535   main.o
        68          4          0          0          0        607   miscio.o
       224          0          0          0          0        709   nvic.o
      1304        162          0         56          0       3330   pid_calculation.o
       292          8          0          2          0       1311   pwm.o
       220          4          0          0          0        769   pwm_output.o
      1136         88          0         36         60       3345   remote_control.o
         0          0          0         12         32        960   rfid.o
       284         48          0         24          0       1395   sensor_acquisition.o
       280         22          0         24          0       2439   speaker.o
        64         26        392          0       1536        888   startup_stm32f40xx.o
      1356        140          0         29          0       2592   station_handler.o
       980        116          0         12          0       3906   stm32f4xx_it.o
       528         46          0         20          0     281875   system_stm32f4xx.o
       124         22          0          4          0      27478   systick.o
       644         88          0         39         16       3282   test.o
       584         26          0          0          0        968   tim.o
        76         10          0          0          9       1370   uart_protocol.o
      1020         42          0          0          0       2476   usart.o
       728         92          0         30          0       2405   voicehandler.o

    ----------------------------------------------------------------------
     18212       1290        424        391       2540     368352   Object Totals
         0          0         32          0          0          0   (incl. Generated)
         2          0          0         13          3          0   (incl. Padding)

    ----------------------------------------------------------------------

      Code (inc. data)   RO Data    RW Data    ZI Data      Debug   Library Member Name

       228         22          0          0          0     281017   misc.o
       604         36          0          0          0       4085   stm32f4xx_gpio.o
      1296         48          0         16          0      11026   stm32f4xx_rcc.o
      3234         60          0          0          0      22320   stm32f4xx_tim.o
      1108         34          0          0          0       7816   stm32f4xx_usart.o
        90          0          0          0          0          0   __dczerorl2.o
         8          0          0          0          0         68   __main.o
         0          0          0          0          0          0   __rtentry.o
        12          0          0          0          0          0   __rtentry2.o
         6          0          0          0          0          0   __rtentry4.o
        52          8          0          0          0          0   __scatter.o
        28          0          0          0          0          0   __scatter_zi.o
        18          0          0          0          0         80   exit.o
         6          0          0          0          0        152   heapauxi.o
         0          0          0          0          0          0   indicate_semi.o
         2          0          0          0          0          0   libinit.o
         6          0          0          0          0          0   libinit2.o
         2          0          0          0          0          0   libshutdown.o
         2          0          0          0          0          0   libshutdown2.o
         8          4          0          0         96         68   libspace.o
         2          0          0          0          0          0   rtexit.o
        10          0          0          0          0          0   rtexit2.o
        12          4          0          0          0         68   sys_exit.o
        74          0          0          0          0         80   sys_stackheap_outer.o
         2          0          0          0          0         68   use_no_semi.o
        98          4          0          0          0        140   d2f.o
       688        140          0          0          0        256   ddiv.o
        46          0          0          0          0        116   dflt_clz.o
       156          4          0          0          0        140   dnaninf.o
        12          0          0          0          0        116   dretinf.o
        10          0          0          0          0        116   fpinit.o
        10          0          0          0          0        116   fretinf.o
         0          0          0          0          0          0   usenofp.o

    ----------------------------------------------------------------------
      7844        364          0         17        100     327848   Library Totals
        14          0          0          1          4          0   (incl. Padding)

    ----------------------------------------------------------------------

      Code (inc. data)   RO Data    RW Data    ZI Data      Debug   Library Name

      6470        200          0         16          0     326264   STM32F4.lib
       340         16          0          0         96        584   c_w.l
      1020        148          0          0          0       1000   fz_wm.l

    ----------------------------------------------------------------------
      7844        364          0         17        100     327848   Library Totals

    ----------------------------------------------------------------------

==============================================================================


      Code (inc. data)   RO Data    RW Data    ZI Data      Debug   

     26056       1654        424        408       2640     690844   Grand Totals
     26056       1654        424         76       2640     690844   ELF Image Totals (compressed)
     26056       1654        424         76          0          0   ROM Totals

==============================================================================

    Total RO  Size (Code + RO Data)                26480 (  25.86kB)
    Total RW  Size (RW Data + ZI Data)              3048 (   2.98kB)
    Total ROM Size (Code + RO Data + RW Data)      26556 (  25.93kB)

==============================================================================

